2024-11-13 15:14:36 error: Error al crear material compuesto: convertirUnidades is not a function
2024-11-13 15:18:05 error: Error al crear material compuesto: conversorUnidades is not a function
2024-11-13 15:28:53 error: Error al crear material compuesto: convertirUnidades is not a function
2024-11-13 15:30:08 error: Error al crear material compuesto: No se puede convertir de undefined a KG
2024-11-13 15:33:02 error: Error al crear material compuesto: No se puede convertir de undefined a KG
2024-11-13 16:05:52 error: Error al crear material compuesto: material is not defined
2024-11-19 16:23:10 error: Error al crear producto: Error: No se puede convertir de LT a kilos
    at convertirUnidades (C:\Users\Ale\Desktop\Mauro\fabricale-main\backend\utils\conversorUnidades.js:18:11)
    at exports.crearProducto (C:\Users\Ale\Desktop\Mauro\fabricale-main\backend\controllers\productoController.js:21:39)
    at process.processTicksAndRejections (node:internal/process/task_queues:95:5)
2024-11-19 16:25:25 error: Error al crear producto: Error: No se puede convertir de KG a kilos
    at convertirUnidades (C:\Users\Ale\Desktop\Mauro\fabricale-main\backend\utils\conversorUnidades.js:18:11)
    at exports.crearProducto (C:\Users\Ale\Desktop\Mauro\fabricale-main\backend\controllers\productoController.js:21:39)
    at process.processTicksAndRejections (node:internal/process/task_queues:95:5)
2024-11-19 16:34:39 error: Error al crear producto: Error: No se puede convertir de CC a LT
    at convertirUnidades (C:\Users\Ale\Desktop\Mauro\fabricale-main\backend\utils\conversorUnidades.js:18:11)
    at exports.crearProducto (C:\Users\Ale\Desktop\Mauro\fabricale-main\backend\controllers\productoController.js:21:39)
    at process.processTicksAndRejections (node:internal/process/task_queues:95:5)
2024-11-19 16:39:41 error: Error al crear producto: Error: No se puede convertir de CC a LT
    at convertirUnidades (C:\Users\Ale\Desktop\Mauro\fabricale-main\backend\utils\conversorUnidades.js:18:11)
    at exports.crearProducto (C:\Users\Ale\Desktop\Mauro\fabricale-main\backend\controllers\productoController.js:21:39)
    at process.processTicksAndRejections (node:internal/process/task_queues:95:5)
2024-11-19 16:43:33 error: Error al crear material compuesto: Error: No se puede convertir de CC a LT
    at convertirUnidades (C:\Users\Ale\Desktop\Mauro\fabricale-main\backend\utils\conversorUnidades.js:18:11)
    at exports.crearMaterialCompuesto (C:\Users\Ale\Desktop\Mauro\fabricale-main\backend\controllers\materialCompuestoController.js:20:53)
    at process.processTicksAndRejections (node:internal/process/task_queues:95:5)
2024-11-19 20:05:35 error: Error al crear producto: Error: No se puede convertir de KG a LT
    at convertirUnidades (C:\Users\Ale\Desktop\Mauro\fabricale-main\backend\utils\conversorUnidades.js:18:11)
    at exports.crearProducto (C:\Users\Ale\Desktop\Mauro\fabricale-main\backend\controllers\productoController.js:21:39)
    at process.processTicksAndRejections (node:internal/process/task_queues:95:5)
2024-11-28 08:56:49 error: Error al obtener productos: MongoServerError: Transaction numbers are only allowed on a replica set member or mongos
    at Connection.sendCommand (D:\FRANCO\quimica\backend\node_modules\mongodb\lib\cmap\connection.js:289:27)
    at process.processTicksAndRejections (node:internal/process/task_queues:95:5)
    at async Connection.command (D:\FRANCO\quimica\backend\node_modules\mongodb\lib\cmap\connection.js:312:26)
    at async Server.command (D:\FRANCO\quimica\backend\node_modules\mongodb\lib\sdam\server.js:167:29)
    at async FindOperation.execute (D:\FRANCO\quimica\backend\node_modules\mongodb\lib\operations\find.js:34:16)
    at async tryOperation (D:\FRANCO\quimica\backend\node_modules\mongodb\lib\operations\execute_operation.js:192:20)
    at async executeOperation (D:\FRANCO\quimica\backend\node_modules\mongodb\lib\operations\execute_operation.js:69:16)
    at async FindCursor._initialize (D:\FRANCO\quimica\backend\node_modules\mongodb\lib\cursor\find_cursor.js:51:26)
    at async FindCursor.cursorInit (D:\FRANCO\quimica\backend\node_modules\mongodb\lib\cursor\abstract_cursor.js:495:27)
    at async FindCursor.fetchBatch (D:\FRANCO\quimica\backend\node_modules\mongodb\lib\cursor\abstract_cursor.js:527:13)
2024-12-20 11:18:10 error: Error al obtener productos: MongoServerError: Transaction numbers are only allowed on a replica set member or mongos
    at Connection.sendCommand (D:\FRANCO\quimica\backend\node_modules\mongodb\lib\cmap\connection.js:289:27)
    at process.processTicksAndRejections (node:internal/process/task_queues:95:5)
    at async Connection.command (D:\FRANCO\quimica\backend\node_modules\mongodb\lib\cmap\connection.js:312:26)
    at async Server.command (D:\FRANCO\quimica\backend\node_modules\mongodb\lib\sdam\server.js:167:29)
    at async FindOperation.execute (D:\FRANCO\quimica\backend\node_modules\mongodb\lib\operations\find.js:34:16)
    at async tryOperation (D:\FRANCO\quimica\backend\node_modules\mongodb\lib\operations\execute_operation.js:192:20)
    at async executeOperation (D:\FRANCO\quimica\backend\node_modules\mongodb\lib\operations\execute_operation.js:69:16)
    at async FindCursor._initialize (D:\FRANCO\quimica\backend\node_modules\mongodb\lib\cursor\find_cursor.js:51:26)
    at async FindCursor.cursorInit (D:\FRANCO\quimica\backend\node_modules\mongodb\lib\cursor\abstract_cursor.js:495:27)
    at async FindCursor.fetchBatch (D:\FRANCO\quimica\backend\node_modules\mongodb\lib\cursor\abstract_cursor.js:527:13)
2024-12-20 11:18:20 error: Error al obtener productos: MongoServerError: Transaction numbers are only allowed on a replica set member or mongos
    at Connection.sendCommand (D:\FRANCO\quimica\backend\node_modules\mongodb\lib\cmap\connection.js:289:27)
    at process.processTicksAndRejections (node:internal/process/task_queues:95:5)
    at async Connection.command (D:\FRANCO\quimica\backend\node_modules\mongodb\lib\cmap\connection.js:312:26)
    at async Server.command (D:\FRANCO\quimica\backend\node_modules\mongodb\lib\sdam\server.js:167:29)
    at async FindOperation.execute (D:\FRANCO\quimica\backend\node_modules\mongodb\lib\operations\find.js:34:16)
    at async tryOperation (D:\FRANCO\quimica\backend\node_modules\mongodb\lib\operations\execute_operation.js:192:20)
    at async executeOperation (D:\FRANCO\quimica\backend\node_modules\mongodb\lib\operations\execute_operation.js:69:16)
    at async FindCursor._initialize (D:\FRANCO\quimica\backend\node_modules\mongodb\lib\cursor\find_cursor.js:51:26)
    at async FindCursor.cursorInit (D:\FRANCO\quimica\backend\node_modules\mongodb\lib\cursor\abstract_cursor.js:495:27)
    at async FindCursor.fetchBatch (D:\FRANCO\quimica\backend\node_modules\mongodb\lib\cursor\abstract_cursor.js:527:13)
2024-12-20 11:25:11 error: Error al obtener productos: MongoServerError: Transaction numbers are only allowed on a replica set member or mongos
    at Connection.sendCommand (D:\FRANCO\quimica\backend\node_modules\mongodb\lib\cmap\connection.js:289:27)
    at process.processTicksAndRejections (node:internal/process/task_queues:95:5)
    at async Connection.command (D:\FRANCO\quimica\backend\node_modules\mongodb\lib\cmap\connection.js:312:26)
    at async Server.command (D:\FRANCO\quimica\backend\node_modules\mongodb\lib\sdam\server.js:167:29)
    at async FindOperation.execute (D:\FRANCO\quimica\backend\node_modules\mongodb\lib\operations\find.js:34:16)
    at async tryOperation (D:\FRANCO\quimica\backend\node_modules\mongodb\lib\operations\execute_operation.js:192:20)
    at async executeOperation (D:\FRANCO\quimica\backend\node_modules\mongodb\lib\operations\execute_operation.js:69:16)
    at async FindCursor._initialize (D:\FRANCO\quimica\backend\node_modules\mongodb\lib\cursor\find_cursor.js:51:26)
    at async FindCursor.cursorInit (D:\FRANCO\quimica\backend\node_modules\mongodb\lib\cursor\abstract_cursor.js:495:27)
    at async FindCursor.fetchBatch (D:\FRANCO\quimica\backend\node_modules\mongodb\lib\cursor\abstract_cursor.js:527:13)
2024-12-20 11:27:45 error: Error al crear material: MongoServerError: Transaction numbers are only allowed on a replica set member or mongos
    at Connection.sendCommand (D:\FRANCO\quimica\backend\node_modules\mongodb\lib\cmap\connection.js:289:27)
    at process.processTicksAndRejections (node:internal/process/task_queues:95:5)
    at async Connection.command (D:\FRANCO\quimica\backend\node_modules\mongodb\lib\cmap\connection.js:312:26)
    at async Server.command (D:\FRANCO\quimica\backend\node_modules\mongodb\lib\sdam\server.js:167:29)
    at async FindOperation.execute (D:\FRANCO\quimica\backend\node_modules\mongodb\lib\operations\find.js:34:16)
    at async tryOperation (D:\FRANCO\quimica\backend\node_modules\mongodb\lib\operations\execute_operation.js:192:20)
    at async executeOperation (D:\FRANCO\quimica\backend\node_modules\mongodb\lib\operations\execute_operation.js:69:16)
    at async FindCursor._initialize (D:\FRANCO\quimica\backend\node_modules\mongodb\lib\cursor\find_cursor.js:51:26)
    at async FindCursor.cursorInit (D:\FRANCO\quimica\backend\node_modules\mongodb\lib\cursor\abstract_cursor.js:495:27)
    at async FindCursor.fetchBatch (D:\FRANCO\quimica\backend\node_modules\mongodb\lib\cursor\abstract_cursor.js:527:13)
2024-12-20 11:27:51 error: Error al obtener productos: MongoServerError: Transaction numbers are only allowed on a replica set member or mongos
    at Connection.sendCommand (D:\FRANCO\quimica\backend\node_modules\mongodb\lib\cmap\connection.js:289:27)
    at process.processTicksAndRejections (node:internal/process/task_queues:95:5)
    at async Connection.command (D:\FRANCO\quimica\backend\node_modules\mongodb\lib\cmap\connection.js:312:26)
    at async Server.command (D:\FRANCO\quimica\backend\node_modules\mongodb\lib\sdam\server.js:167:29)
    at async FindOperation.execute (D:\FRANCO\quimica\backend\node_modules\mongodb\lib\operations\find.js:34:16)
    at async tryOperation (D:\FRANCO\quimica\backend\node_modules\mongodb\lib\operations\execute_operation.js:192:20)
    at async executeOperation (D:\FRANCO\quimica\backend\node_modules\mongodb\lib\operations\execute_operation.js:69:16)
    at async FindCursor._initialize (D:\FRANCO\quimica\backend\node_modules\mongodb\lib\cursor\find_cursor.js:51:26)
    at async FindCursor.cursorInit (D:\FRANCO\quimica\backend\node_modules\mongodb\lib\cursor\abstract_cursor.js:495:27)
    at async FindCursor.fetchBatch (D:\FRANCO\quimica\backend\node_modules\mongodb\lib\cursor\abstract_cursor.js:527:13)
2024-12-20 11:28:28 error: Error al crear material: MongoServerError: Transaction numbers are only allowed on a replica set member or mongos
    at Connection.sendCommand (D:\FRANCO\quimica\backend\node_modules\mongodb\lib\cmap\connection.js:289:27)
    at process.processTicksAndRejections (node:internal/process/task_queues:95:5)
    at async Connection.command (D:\FRANCO\quimica\backend\node_modules\mongodb\lib\cmap\connection.js:312:26)
    at async Server.command (D:\FRANCO\quimica\backend\node_modules\mongodb\lib\sdam\server.js:167:29)
    at async FindOperation.execute (D:\FRANCO\quimica\backend\node_modules\mongodb\lib\operations\find.js:34:16)
    at async tryOperation (D:\FRANCO\quimica\backend\node_modules\mongodb\lib\operations\execute_operation.js:192:20)
    at async executeOperation (D:\FRANCO\quimica\backend\node_modules\mongodb\lib\operations\execute_operation.js:69:16)
    at async FindCursor._initialize (D:\FRANCO\quimica\backend\node_modules\mongodb\lib\cursor\find_cursor.js:51:26)
    at async FindCursor.cursorInit (D:\FRANCO\quimica\backend\node_modules\mongodb\lib\cursor\abstract_cursor.js:495:27)
    at async FindCursor.fetchBatch (D:\FRANCO\quimica\backend\node_modules\mongodb\lib\cursor\abstract_cursor.js:527:13)
2024-12-20 16:58:43 error: Error al obtener materiales: Operation `materials.find()` buffering timed out after 10000ms
2025-01-09 00:03:44 error: Error al actualizar material: CastError: Cast to ObjectId failed for value "undefined" (type string) at path "_id" for model "Material"
    at SchemaObjectId.cast (C:\Users\Ale\Desktop\Mauro\fabricale-main\backend\node_modules\mongoose\lib\schema\objectId.js:250:11)
    at SchemaType.applySetters (C:\Users\Ale\Desktop\Mauro\fabricale-main\backend\node_modules\mongoose\lib\schemaType.js:1236:12)
    at SchemaType.castForQuery (C:\Users\Ale\Desktop\Mauro\fabricale-main\backend\node_modules\mongoose\lib\schemaType.js:1653:17)
    at cast (C:\Users\Ale\Desktop\Mauro\fabricale-main\backend\node_modules\mongoose\lib\cast.js:389:32)
    at Query.cast (C:\Users\Ale\Desktop\Mauro\fabricale-main\backend\node_modules\mongoose\lib\query.js:4868:12)
    at Query._castConditions (C:\Users\Ale\Desktop\Mauro\fabricale-main\backend\node_modules\mongoose\lib\query.js:2265:10)
    at model.Query._findOne (C:\Users\Ale\Desktop\Mauro\fabricale-main\backend\node_modules\mongoose\lib\query.js:2589:8)
    at model.Query.exec (C:\Users\Ale\Desktop\Mauro\fabricale-main\backend\node_modules\mongoose\lib\query.js:4412:80)
    at process.processTicksAndRejections (node:internal/process/task_queues:95:5)
    at async exports.actualizarMaterial (C:\Users\Ale\Desktop\Mauro\fabricale-main\backend\controllers\materialController.js:44:26)
2025-01-09 00:03:44 error: Error al actualizar material: CastError: Cast to ObjectId failed for value "undefined" (type string) at path "_id" for model "Material"
    at SchemaObjectId.cast (C:\Users\Ale\Desktop\Mauro\fabricale-main\backend\node_modules\mongoose\lib\schema\objectId.js:250:11)
    at SchemaType.applySetters (C:\Users\Ale\Desktop\Mauro\fabricale-main\backend\node_modules\mongoose\lib\schemaType.js:1236:12)
    at SchemaType.castForQuery (C:\Users\Ale\Desktop\Mauro\fabricale-main\backend\node_modules\mongoose\lib\schemaType.js:1653:17)
    at cast (C:\Users\Ale\Desktop\Mauro\fabricale-main\backend\node_modules\mongoose\lib\cast.js:389:32)
    at Query.cast (C:\Users\Ale\Desktop\Mauro\fabricale-main\backend\node_modules\mongoose\lib\query.js:4868:12)
    at Query._castConditions (C:\Users\Ale\Desktop\Mauro\fabricale-main\backend\node_modules\mongoose\lib\query.js:2265:10)
    at model.Query._findOne (C:\Users\Ale\Desktop\Mauro\fabricale-main\backend\node_modules\mongoose\lib\query.js:2589:8)
    at model.Query.exec (C:\Users\Ale\Desktop\Mauro\fabricale-main\backend\node_modules\mongoose\lib\query.js:4412:80)
    at process.processTicksAndRejections (node:internal/process/task_queues:95:5)
    at async exports.actualizarMaterial (C:\Users\Ale\Desktop\Mauro\fabricale-main\backend\controllers\materialController.js:44:26)
2025-01-09 00:04:03 error: Error al actualizar material: CastError: Cast to ObjectId failed for value "undefined" (type string) at path "_id" for model "Material"
    at SchemaObjectId.cast (C:\Users\Ale\Desktop\Mauro\fabricale-main\backend\node_modules\mongoose\lib\schema\objectId.js:250:11)
    at SchemaType.applySetters (C:\Users\Ale\Desktop\Mauro\fabricale-main\backend\node_modules\mongoose\lib\schemaType.js:1236:12)
    at SchemaType.castForQuery (C:\Users\Ale\Desktop\Mauro\fabricale-main\backend\node_modules\mongoose\lib\schemaType.js:1653:17)
    at cast (C:\Users\Ale\Desktop\Mauro\fabricale-main\backend\node_modules\mongoose\lib\cast.js:389:32)
    at Query.cast (C:\Users\Ale\Desktop\Mauro\fabricale-main\backend\node_modules\mongoose\lib\query.js:4868:12)
    at Query._castConditions (C:\Users\Ale\Desktop\Mauro\fabricale-main\backend\node_modules\mongoose\lib\query.js:2265:10)
    at model.Query._findOne (C:\Users\Ale\Desktop\Mauro\fabricale-main\backend\node_modules\mongoose\lib\query.js:2589:8)
    at model.Query.exec (C:\Users\Ale\Desktop\Mauro\fabricale-main\backend\node_modules\mongoose\lib\query.js:4412:80)
    at process.processTicksAndRejections (node:internal/process/task_queues:95:5)
    at async exports.actualizarMaterial (C:\Users\Ale\Desktop\Mauro\fabricale-main\backend\controllers\materialController.js:44:26)
2025-01-09 00:04:03 error: Error al actualizar material: CastError: Cast to ObjectId failed for value "undefined" (type string) at path "_id" for model "Material"
    at SchemaObjectId.cast (C:\Users\Ale\Desktop\Mauro\fabricale-main\backend\node_modules\mongoose\lib\schema\objectId.js:250:11)
    at SchemaType.applySetters (C:\Users\Ale\Desktop\Mauro\fabricale-main\backend\node_modules\mongoose\lib\schemaType.js:1236:12)
    at SchemaType.castForQuery (C:\Users\Ale\Desktop\Mauro\fabricale-main\backend\node_modules\mongoose\lib\schemaType.js:1653:17)
    at cast (C:\Users\Ale\Desktop\Mauro\fabricale-main\backend\node_modules\mongoose\lib\cast.js:389:32)
    at Query.cast (C:\Users\Ale\Desktop\Mauro\fabricale-main\backend\node_modules\mongoose\lib\query.js:4868:12)
    at Query._castConditions (C:\Users\Ale\Desktop\Mauro\fabricale-main\backend\node_modules\mongoose\lib\query.js:2265:10)
    at model.Query._findOne (C:\Users\Ale\Desktop\Mauro\fabricale-main\backend\node_modules\mongoose\lib\query.js:2589:8)
    at model.Query.exec (C:\Users\Ale\Desktop\Mauro\fabricale-main\backend\node_modules\mongoose\lib\query.js:4412:80)
    at process.processTicksAndRejections (node:internal/process/task_queues:95:5)
    at async exports.actualizarMaterial (C:\Users\Ale\Desktop\Mauro\fabricale-main\backend\controllers\materialController.js:44:26)
2025-01-09 00:05:03 error: Error al actualizar material: CastError: Cast to ObjectId failed for value "undefined" (type string) at path "_id" for model "Material"
    at SchemaObjectId.cast (C:\Users\Ale\Desktop\Mauro\fabricale-main\backend\node_modules\mongoose\lib\schema\objectId.js:250:11)
    at SchemaType.applySetters (C:\Users\Ale\Desktop\Mauro\fabricale-main\backend\node_modules\mongoose\lib\schemaType.js:1236:12)
    at SchemaType.castForQuery (C:\Users\Ale\Desktop\Mauro\fabricale-main\backend\node_modules\mongoose\lib\schemaType.js:1653:17)
    at cast (C:\Users\Ale\Desktop\Mauro\fabricale-main\backend\node_modules\mongoose\lib\cast.js:389:32)
    at Query.cast (C:\Users\Ale\Desktop\Mauro\fabricale-main\backend\node_modules\mongoose\lib\query.js:4868:12)
    at Query._castConditions (C:\Users\Ale\Desktop\Mauro\fabricale-main\backend\node_modules\mongoose\lib\query.js:2265:10)
    at model.Query._findOne (C:\Users\Ale\Desktop\Mauro\fabricale-main\backend\node_modules\mongoose\lib\query.js:2589:8)
    at model.Query.exec (C:\Users\Ale\Desktop\Mauro\fabricale-main\backend\node_modules\mongoose\lib\query.js:4412:80)
    at process.processTicksAndRejections (node:internal/process/task_queues:95:5)
    at async exports.actualizarMaterial (C:\Users\Ale\Desktop\Mauro\fabricale-main\backend\controllers\materialController.js:44:26)
2025-01-09 00:05:03 error: Error al actualizar material: CastError: Cast to ObjectId failed for value "undefined" (type string) at path "_id" for model "Material"
    at SchemaObjectId.cast (C:\Users\Ale\Desktop\Mauro\fabricale-main\backend\node_modules\mongoose\lib\schema\objectId.js:250:11)
    at SchemaType.applySetters (C:\Users\Ale\Desktop\Mauro\fabricale-main\backend\node_modules\mongoose\lib\schemaType.js:1236:12)
    at SchemaType.castForQuery (C:\Users\Ale\Desktop\Mauro\fabricale-main\backend\node_modules\mongoose\lib\schemaType.js:1653:17)
    at cast (C:\Users\Ale\Desktop\Mauro\fabricale-main\backend\node_modules\mongoose\lib\cast.js:389:32)
    at Query.cast (C:\Users\Ale\Desktop\Mauro\fabricale-main\backend\node_modules\mongoose\lib\query.js:4868:12)
    at Query._castConditions (C:\Users\Ale\Desktop\Mauro\fabricale-main\backend\node_modules\mongoose\lib\query.js:2265:10)
    at model.Query._findOne (C:\Users\Ale\Desktop\Mauro\fabricale-main\backend\node_modules\mongoose\lib\query.js:2589:8)
    at model.Query.exec (C:\Users\Ale\Desktop\Mauro\fabricale-main\backend\node_modules\mongoose\lib\query.js:4412:80)
    at process.processTicksAndRejections (node:internal/process/task_queues:95:5)
    at async exports.actualizarMaterial (C:\Users\Ale\Desktop\Mauro\fabricale-main\backend\controllers\materialController.js:44:26)
